Microchip MPLAB XC8 Compiler V1.30 ()

Linker command line:

--edf=C:\Program Files (x86)\Microchip\xc8\v1.30\dat\en_msgs.txt -cs \
  -h+dist/default/production\OneWire.X.production.sym \
  --cmf=dist/default/production\OneWire.X.production.cmf -z -Q16F877A \
  -oC:\Users\mustafa\AppData\Local\Temp\s5f0.6 \
  -Mdist/default/production/OneWire.X.production.map -E1 -ver=XC8 \
  -ASTACK=0110h-016fh -pstack=STACK -ACONST=00h-0FFhx32 -ACODE=00h-07FFhx4 \
  -ASTRCODE=00h-01FFFh -AENTRY=00h-0FFhx32 -ASTRING=00h-0FFhx32 \
  -ACOMMON=070h-07Fh -ABANK0=020h-06Fh -ABANK1=0A0h-0EFh \
  -ABANK2=0110h-016Fh -ABANK3=0190h-01EFh \
  -ARAM=020h-06Fh,0A0h-0EFh,0110h-016Fh,0190h-01EFh \
  -AABS1=020h-07Fh,0A0h-0EFh,0110h-016Fh,0190h-01EFh -ASFR0=00h-01Fh \
  -ASFR1=080h-09Fh -ASFR2=0100h-010Fh -ASFR3=0180h-018Fh \
  -preset_vec=00h,intentry,init,end_init -ppowerup=CODE -pcinit=CODE \
  -pfunctab=CODE -ACONFIG=02007h-02007h -pconfig=CONFIG -DCONFIG=2 \
  -AIDLOC=02000h-02003h -pidloc=IDLOC -DIDLOC=2 -AEEDATA=00h-0FFh/02100h \
  -peeprom_data=EEDATA -DEEDATA=2 -DCODE=2 -DSTRCODE=2 -DSTRING=2 -DCONST=2 \
  -DENTRY=2 -k C:\Users\mustafa\AppData\Local\Temp\s5f0.obj \
  dist/default/production\OneWire.X.production.obj 

Object code version is 3.11

Machine type is 16F877A



                Name                               Link     Load   Length Selector   Space Scale
C:\Users\mustafa\AppData\Local\Temp\s5f0.obj
                end_init                              0        0        3        0       0
                config                             2007     2007        1     400E       0
dist/default/production\OneWire.X.production.obj
                cinit                               7F2      7F2        E      FE4       0
                text14                              2B1      2B1       28      562       0
                text13                              303      303       32      606       0
                text12                              369      369       36      6D2       0
                text11                              2A7      2A7        A      54E       0
                text10                              29E      29E        9      53C       0
                text9                               66E      66E       AB      CDC       0
                text8                               5C8      5C8       A6      B90       0
                text7                               2D9      2D9       2A      5B2       0
                text6                               527      527       A1      A4E       0
                text5                               3DD      3DD       48      7BA       0
                text4                               497      497       90      92E       0
                text3                               39F      39F       3E      73E       0
                text2                               335      335       34      66A       0
                text1                               719      719       D9      E32       0
                maintext                            425      425       72      84A       0
                cstackBANK0                          20       20       19       20       1
                cstackCOMMON                         70       70        E       70       1
                bssBANK0                             39       39        A       20       1
                strings                               3        3       2E        6       0

TOTAL           Name                               Link     Load   Length     Space
        CLASS   STACK          

        CLASS   CONST          

        CLASS   CODE           
                end_init                              0        0        3         0
                cinit                               7F2      7F2        E         0
                text14                              2B1      2B1       28         0
                text13                              303      303       32         0
                text12                              369      369       36         0
                text11                              2A7      2A7        A         0
                text10                              29E      29E        9         0
                text9                               66E      66E       AB         0
                text8                               5C8      5C8       A6         0
                text7                               2D9      2D9       2A         0
                text6                               527      527       A1         0
                text5                               3DD      3DD       48         0
                text4                               497      497       90         0
                text3                               39F      39F       3E         0
                text2                               335      335       34         0
                text1                               719      719       D9         0
                maintext                            425      425       72         0

        CLASS   STRCODE        

        CLASS   ENTRY          

        CLASS   STRING         
                strings                               3        3       2E         0

        CLASS   COMMON         
                cstackCOMMON                         70       70        E         1

        CLASS   BANK0          
                cstackBANK0                          20       20       19         1
                bssBANK0                             39       39        A         1

        CLASS   BANK1          

        CLASS   BANK2          

        CLASS   BANK3          

        CLASS   RAM            

        CLASS   ABS1           
                abs_s1                               7E       7E        2         1

        CLASS   SFR0           

        CLASS   SFR1           

        CLASS   SFR2           

        CLASS   SFR3           

        CLASS   CONFIG         
                config                             2007     2007        1         0

        CLASS   IDLOC          

        CLASS   EEDATA         



SEGMENTS        Name                           Load    Length   Top    Selector   Space  Class     Delta

                reset_vec                      000000  000003  000003         0       0  CODE        2
                strings                        000003  00002E  000031         6       0  STRING      2
                cstackBANK0                    000020  000023  000043        20       1  BANK0       1
                cstackCOMMON                   000070  00000E  00007E        70       1  COMMON      1
                text10                         00029E  000009  0002A7       53C       0  CODE        2
                text11                         0002A7  00000A  0002B1       54E       0  CODE        2
                text14                         0002B1  000028  0002D9       562       0  CODE        2
                text7                          0002D9  00002A  000303       5B2       0  CODE        2
                text13                         000303  000032  000335       606       0  CODE        2
                text2                          000335  000034  000369       66A       0  CODE        2
                text12                         000369  000036  00039F       6D2       0  CODE        2
                text3                          00039F  00003E  0003DD       73E       0  CODE        2
                text5                          0003DD  000048  000425       7BA       0  CODE        2
                maintext                       000425  000072  000497       84A       0  CODE        2
                text4                          000497  000090  000527       92E       0  CODE        2
                text6                          000527  0000A1  0005C8       A4E       0  CODE        2
                text8                          0005C8  0000A6  00066E       B90       0  CODE        2
                text9                          00066E  0000AB  000719       CDC       0  CODE        2
                text1                          000719  0000D9  0007F2       E32       0  CODE        2
                cinit                          0007F2  00000E  000800       FE4       0  CODE        2
                config                         002007  000001  002008      400E       0  CONFIG      2


UNUSED ADDRESS RANGES

        Name                Unused          Largest block    Delta
        BANK0            0043-006F             2D           1
        BANK1            00A0-00EF             50           1
        BANK2            0110-016F             60           1
        BANK3            0190-01EF             60           1
        CODE             0031-029D            26D           2
                         0800-1FFF            800
        CONST            0031-029D            100           2
                         0800-1FFF            100
        EEDATA           2100-21FF            100           2
        ENTRY            0031-029D            100           2
                         0800-1FFF            100
        IDLOC            2000-2003              4           2
        RAM              0043-006F             2D           1
                         00A0-00EF             50
                         0110-016F             60
                         0190-01EF             60
        SFR0             0000-001F             20           1
        SFR1             0080-009F             20           1
        SFR2             0100-010F             10           1
        SFR3             0180-018F             10           1
        STACK            0110-016F             60           1
        STRCODE          0031-029D            26D           2
                         0800-1FFF           1800
        STRING           0031-029D            100           2
                         0800-1FFF            100

                                  Symbol Table

?___lwdiv                cstackCOMMON 0070
?___lwmod                cstackCOMMON 0078
?_ds_get_temp            cstackBANK0  002F
?_sprintf                cstackBANK0  0020
Lcd_Chr@Chr              cstackCOMMON 0076
Lcd_Chr@data             cstackCOMMON 0079
Lcd_Chr@x                cstackCOMMON 0075
Lcd_Chr@y                cstackCOMMON 0078
Lcd_Chr_CP@Chr_CP        cstackCOMMON 0074
Lcd_Cmd@Cmd              cstackCOMMON 0074
Lcd_Init@data            cstackCOMMON 0076
Lcd_Out@buffer           cstackCOMMON 0076
Lcd_Out@data             cstackCOMMON 007A
Lcd_Out@x                cstackCOMMON 0075
Lcd_Out@y                cstackCOMMON 0079
_ADCON1                  (abs)        009F
_CMCON                   (abs)        009C
_Delay_5500us            text11       02A7
_Delay_5us               text10       029E
_Lcd_Chr                 text7        02D9
_Lcd_Chr_CP              text9        066E
_Lcd_Cmd                 text8        05C8
_Lcd_Init                text6        0527
_Lcd_Out                 text5        03DD
_PORTBbits               (abs)        0006
_PORTEbits               (abs)        0009
_TRISBbits               (abs)        0086
_TRISEbits               (abs)        0089
__CFG_BOREN$OFF          (abs)        0000
__CFG_CP$OFF             (abs)        0000
__CFG_CPD$OFF            (abs)        0000
__CFG_FOSC$HS            (abs)        0000
__CFG_LVP$OFF            (abs)        0000
__CFG_PWRTE$OFF          (abs)        0000
__CFG_WDTE$OFF           (abs)        0000
__CFG_WRT$OFF            (abs)        0000
__Habs1                  abs1         0000
__Hbank0                 bank0        0000
__Hbank1                 bank1        0000
__Hbank2                 bank2        0000
__Hbank3                 bank3        0000
__HbssBANK0              bssBANK0     0000
__Hcinit                 cinit        0800
__Hclrtext               clrtext      0000
__Hcode                  code         0000
__Hcommon                common       0000
__Hconfig                config       2008
__HcstackBANK0           cstackBANK0  0000
__HcstackCOMMON          cstackCOMMON 0000
__Heeprom_data           eeprom_data  0000
__Hend_init              end_init     0003
__Hfunctab               functab      0000
__Hidloc                 idloc        0000
__Hinit                  init         0000
__Hintentry              intentry     0000
__Hmaintext              maintext     0000
__Hpowerup               powerup      0000
__Hram                   ram          0000
__Hreset_vec             reset_vec    0000
__Hsfr0                  sfr0         0000
__Hsfr1                  sfr1         0000
__Hsfr2                  sfr2         0000
__Hsfr3                  sfr3         0000
__Hstack                 stack        0000
__Hstrings               strings      0000
__Htext                  text         0000
__Labs1                  abs1         0000
__Lbank0                 bank0        0000
__Lbank1                 bank1        0000
__Lbank2                 bank2        0000
__Lbank3                 bank3        0000
__LbssBANK0              bssBANK0     0000
__Lcinit                 cinit        07F2
__Lclrtext               clrtext      0000
__Lcode                  code         0000
__Lcommon                common       0000
__Lconfig                config       2007
__LcstackBANK0           cstackBANK0  0000
__LcstackCOMMON          cstackCOMMON 0000
__Leeprom_data           eeprom_data  0000
__Lend_init              end_init     0000
__Lfunctab               functab      0000
__Lidloc                 idloc        0000
__Linit                  init         0000
__Lintentry              intentry     0000
__Lmaintext              maintext     0000
__Lpowerup               powerup      0000
__Lram                   ram          0000
__Lreset_vec             reset_vec    0000
__Lsfr0                  sfr0         0000
__Lsfr1                  sfr1         0000
__Lsfr2                  sfr2         0000
__Lsfr3                  sfr3         0000
__Lstack                 stack        0000
__Lstrings               strings      0000
__Ltext                  text         0000
__S0                     (abs)        2008
__S1                     (abs)        007E
__S2                     (abs)        0000
__S3                     (abs)        0000
___int_sp                stack        0000
___latbits               (abs)        0002
___lwdiv                 text3        039F
___lwdiv@counter         cstackCOMMON 0077
___lwdiv@dividend        cstackCOMMON 0072
___lwdiv@divisor         cstackCOMMON 0070
___lwdiv@quotient        cstackCOMMON 0075
___lwmod                 text2        0335
___lwmod@counter         cstackCOMMON 007D
___lwmod@dividend        cstackCOMMON 007A
___lwmod@divisor         cstackCOMMON 0078
___sp                    stack        0000
__end_of_Delay_5500us    text11       02B1
__end_of_Delay_5us       text10       02A7
__end_of_Lcd_Chr         text7        0303
__end_of_Lcd_Chr_CP      text9        0719
__end_of_Lcd_Cmd         text8        066E
__end_of_Lcd_Init        text6        05C8
__end_of_Lcd_Out         text5        0425
__end_of___lwdiv         text3        03DD
__end_of___lwmod         text2        0369
__end_of__initialization cinit        07FC
__end_of__stringdata     strings      0031
__end_of__stringtab      strings      0013
__end_of_dpowers         strings      001D
__end_of_ds_get_temp     text4        0527
__end_of_main            maintext     0497
__end_of_ow_read_byte    text12       039F
__end_of_ow_reset        text14       02D9
__end_of_ow_write_byte   text13       0335
__end_of_sprintf         text1        07F2
__initialization         cinit        07F2
__pbssBANK0              bssBANK0     0039
__pcstackBANK0           cstackBANK0  0020
__pcstackCOMMON          cstackCOMMON 0070
__pmaintext              maintext     0425
__pstrings               strings      0003
__ptext1                 text1        0719
__ptext10                text10       029E
__ptext11                text11       02A7
__ptext12                text12       0369
__ptext13                text13       0303
__ptext14                text14       02B1
__ptext2                 text2        0335
__ptext3                 text3        039F
__ptext4                 text4        0497
__ptext5                 text5        03DD
__ptext6                 text6        0527
__ptext7                 text7        02D9
__ptext8                 text8        05C8
__ptext9                 text9        066E
__size_of_Delay_5500us   (abs)        0000
__size_of_Delay_5us      (abs)        0000
__size_of_Lcd_Chr        (abs)        0000
__size_of_Lcd_Chr_CP     (abs)        0000
__size_of_Lcd_Cmd        (abs)        0000
__size_of_Lcd_Init       (abs)        0000
__size_of_Lcd_Out        (abs)        0000
__size_of___lwdiv        (abs)        0000
__size_of___lwmod        (abs)        0000
__size_of_ds_get_temp    (abs)        0000
__size_of_main           (abs)        0000
__size_of_ow_read_byte   (abs)        0000
__size_of_ow_reset       (abs)        0000
__size_of_ow_write_byte  (abs)        0000
__size_of_sprintf        (abs)        0000
__stringbase             strings      0012
__stringdata             strings      001D
__stringtab              strings      0003
_currentTemp             bssBANK0     0039
_dpowers                 strings      0013
_ds_get_temp             text4        0497
_main                    maintext     0425
_ow_read_byte            text12       0369
_ow_reset                text14       02B1
_ow_write_byte           text13       0303
_sprintf                 text1        0719
btemp                    (abs)        007E
ds_get_temp@temp_high    cstackBANK0  0034
ds_get_temp@temp_low     cstackBANK0  0033
ds_get_temp@temperature  cstackBANK0  0035
end_of_initialization    cinit        07FC
intlevel0                functab      0000
intlevel1                functab      0000
intlevel2                functab      0000
intlevel3                functab      0000
intlevel4                functab      0000
intlevel5                functab      0000
ltemp                    (abs)        007E
ltemp0                   (abs)        007E
ltemp1                   (abs)        0082
ltemp2                   (abs)        0086
ltemp3                   (abs)        0080
ow_read_byte@data        cstackCOMMON 0073
ow_read_byte@i           cstackCOMMON 0074
ow_reset@device_found    cstackCOMMON 0072
ow_write_byte@data       cstackCOMMON 0072
ow_write_byte@i          cstackCOMMON 0073
reset_vec                reset_vec    0000
sprintf@_val             cstackBANK0  0029
sprintf@ap               cstackBANK0  0026
sprintf@c                cstackBANK0  002E
sprintf@f                cstackBANK0  0020
sprintf@flag             cstackBANK0  0027
sprintf@prec             cstackBANK0  0028
sprintf@sp               cstackBANK0  002D
stackhi                  (abs)        0000
stacklo                  (abs)        0000
start                    init         0000
start_initialization     cinit        07F2
ttemp                    (abs)        007E
ttemp0                   (abs)        007E
ttemp1                   (abs)        0081
ttemp2                   (abs)        0084
ttemp3                   (abs)        0087
ttemp4                   (abs)        007F
wtemp                    (abs)        007E
wtemp0                   (abs)        007E
wtemp1                   (abs)        0080
wtemp2                   (abs)        0082
wtemp3                   (abs)        0084
wtemp4                   (abs)        0086
wtemp5                   (abs)        0088
wtemp6                   (abs)        007F


FUNCTION INFORMATION:

 *************** function _main *****************
 Defined at:
		line 60 in file "main.c"
 Parameters:    Size  Location     Type
		None
 Auto vars:     Size  Location     Type
		None
 Return value:  Size  Location     Type
                  2   93[COMMON] int 
 Registers used:
		wreg, fsr0l, fsr0h, status,2, status,0, btemp+1, pclath, cstack
 Tracked objects:
		On entry : 
		On exit  : 
		Unchanged: 
 Data sizes:     COMMON   BANK0   BANK1   BANK3   BANK2
      Params:         0       0       0       0       0
      Locals:         0       0       0       0       0
      Temps:          0       2       0       0       0
      Totals:         0       2       0       0       0
Total ram usage:        2 bytes
 Hardware stack levels required when called:    3
 This function calls:
		_Lcd_Chr
		_Lcd_Cmd
		_Lcd_Init
		_Lcd_Out
		_ds_get_temp
		_ow_reset
		_sprintf
 This function is called by:
		Startup code after reset
 This function uses a non-reentrant model


 *************** function _sprintf *****************
 Defined at:
		line 492 in file "C:\Program Files (x86)\Microchip\xc8\v1.30\sources\common\doprnt.c"
 Parameters:    Size  Location     Type
  sp              1    wreg     PTR unsigned char 
		 -> currentTemp(10), 
  f               1    0[BANK0 ] PTR const unsigned char 
		 -> STR_2(3), 
 Auto vars:     Size  Location     Type
  sp              1   13[BANK0 ] PTR unsigned char 
		 -> currentTemp(10), 
  _val            4    9[BANK0 ] struct .
  c               1   14[BANK0 ] char 
  prec            1    8[BANK0 ] char 
  flag            1    7[BANK0 ] unsigned char 
  ap              1    6[BANK0 ] PTR void [1]
		 -> ?_sprintf(2), 
 Return value:  Size  Location     Type
                  2    0[BANK0 ] int 
 Registers used:
		wreg, fsr0l, fsr0h, status,2, status,0, btemp+1, pclath, cstack
 Tracked objects:
		On entry : 
		On exit  : 
		Unchanged: 
 Data sizes:     COMMON   BANK0   BANK1   BANK3   BANK2
      Params:         0       3       0       0       0
      Locals:         0       9       0       0       0
      Temps:          0       3       0       0       0
      Totals:         0      15       0       0       0
Total ram usage:       15 bytes
 Hardware stack levels used:    1
 Hardware stack levels required when called:    1
 This function calls:
		___lwdiv
		___lwmod
 This function is called by:
		_main
 This function uses a non-reentrant model


 *************** function ___lwmod *****************
 Defined at:
		line 6 in file "C:\Program Files (x86)\Microchip\xc8\v1.30\sources\common\lwmod.c"
 Parameters:    Size  Location     Type
  divisor         2    8[COMMON] unsigned int 
  dividend        2   10[COMMON] unsigned int 
 Auto vars:     Size  Location     Type
  counter         1   13[COMMON] unsigned char 
 Return value:  Size  Location     Type
                  2    8[COMMON] unsigned int 
 Registers used:
		wreg, status,2, status,0
 Tracked objects:
		On entry : 
		On exit  : 
		Unchanged: 
 Data sizes:     COMMON   BANK0   BANK1   BANK3   BANK2
      Params:         4       0       0       0       0
      Locals:         1       0       0       0       0
      Temps:          1       0       0       0       0
      Totals:         6       0       0       0       0
Total ram usage:        6 bytes
 Hardware stack levels used:    1
 This function calls:
		Nothing
 This function is called by:
		_sprintf
 This function uses a non-reentrant model


 *************** function ___lwdiv *****************
 Defined at:
		line 6 in file "C:\Program Files (x86)\Microchip\xc8\v1.30\sources\common\lwdiv.c"
 Parameters:    Size  Location     Type
  divisor         2    0[COMMON] unsigned int 
  dividend        2    2[COMMON] unsigned int 
 Auto vars:     Size  Location     Type
  quotient        2    5[COMMON] unsigned int 
  counter         1    7[COMMON] unsigned char 
 Return value:  Size  Location     Type
                  2    0[COMMON] unsigned int 
 Registers used:
		wreg, status,2, status,0
 Tracked objects:
		On entry : 
		On exit  : 
		Unchanged: 
 Data sizes:     COMMON   BANK0   BANK1   BANK3   BANK2
      Params:         4       0       0       0       0
      Locals:         3       0       0       0       0
      Temps:          1       0       0       0       0
      Totals:         8       0       0       0       0
Total ram usage:        8 bytes
 Hardware stack levels used:    1
 This function calls:
		Nothing
 This function is called by:
		_sprintf
 This function uses a non-reentrant model


 *************** function _ds_get_temp *****************
 Defined at:
		line 32 in file "main.c"
 Parameters:    Size  Location     Type
		None
 Auto vars:     Size  Location     Type
  temperature     2   21[BANK0 ] int 
  temp_high       1   20[BANK0 ] unsigned char 
  temp_low        1   19[BANK0 ] unsigned char 
 Return value:  Size  Location     Type
                  2   15[BANK0 ] int 
 Registers used:
		wreg, status,2, status,0, btemp+1, pclath, cstack
 Tracked objects:
		On entry : 
		On exit  : 
		Unchanged: 
 Data sizes:     COMMON   BANK0   BANK1   BANK3   BANK2
      Params:         0       2       0       0       0
      Locals:         0       4       0       0       0
      Temps:          0       2       0       0       0
      Totals:         0       8       0       0       0
Total ram usage:        8 bytes
 Hardware stack levels used:    1
 Hardware stack levels required when called:    1
 This function calls:
		_ow_read_byte
		_ow_reset
		_ow_write_byte
 This function is called by:
		_main
 This function uses a non-reentrant model


 *************** function _Lcd_Out *****************
 Defined at:
		line 115 in file "HD44780.h"
 Parameters:    Size  Location     Type
  y               1    wreg     unsigned char 
  x               1    5[COMMON] unsigned char 
  buffer          2    6[COMMON] PTR const unsigned char 
		 -> currentTemp(10), STR_1(17), 
 Auto vars:     Size  Location     Type
  y               1    9[COMMON] unsigned char 
  data            1   10[COMMON] unsigned char 
 Return value:  Size  Location     Type
		None               void
 Registers used:
		wreg, fsr0l, fsr0h, status,2, status,0, btemp+1, pclath, cstack
 Tracked objects:
		On entry : 
		On exit  : 
		Unchanged: 
 Data sizes:     COMMON   BANK0   BANK1   BANK3   BANK2
      Params:         3       0       0       0       0
      Locals:         2       0       0       0       0
      Temps:          1       0       0       0       0
      Totals:         6       0       0       0       0
Total ram usage:        6 bytes
 Hardware stack levels used:    1
 Hardware stack levels required when called:    2
 This function calls:
		_Lcd_Chr_CP
		_Lcd_Cmd
 This function is called by:
		_main
 This function uses a non-reentrant model


 *************** function _Lcd_Init *****************
 Defined at:
		line 90 in file "HD44780.h"
 Parameters:    Size  Location     Type
		None
 Auto vars:     Size  Location     Type
  data            1    6[COMMON] unsigned char 
 Return value:  Size  Location     Type
		None               void
 Registers used:
		wreg, status,2, status,0, pclath, cstack
 Tracked objects:
		On entry : 
		On exit  : 
		Unchanged: 
 Data sizes:     COMMON   BANK0   BANK1   BANK3   BANK2
      Params:         0       0       0       0       0
      Locals:         1       0       0       0       0
      Temps:          1       0       0       0       0
      Totals:         2       0       0       0       0
Total ram usage:        2 bytes
 Hardware stack levels used:    1
 Hardware stack levels required when called:    2
 This function calls:
		_Delay_5500us
		_Delay_5us
		_Lcd_Cmd
 This function is called by:
		_main
 This function uses a non-reentrant model


 *************** function _Lcd_Chr *****************
 Defined at:
		line 149 in file "HD44780.h"
 Parameters:    Size  Location     Type
  y               1    wreg     unsigned char 
  x               1    5[COMMON] unsigned char 
  Chr             1    6[COMMON] unsigned char 
 Auto vars:     Size  Location     Type
  y               1    8[COMMON] unsigned char 
  data            1    9[COMMON] unsigned char 
 Return value:  Size  Location     Type
		None               void
 Registers used:
		wreg, fsr0l, fsr0h, status,2, status,0, pclath, cstack
 Tracked objects:
		On entry : 
		On exit  : 
		Unchanged: 
 Data sizes:     COMMON   BANK0   BANK1   BANK3   BANK2
      Params:         2       0       0       0       0
      Locals:         2       0       0       0       0
      Temps:          1       0       0       0       0
      Totals:         5       0       0       0       0
Total ram usage:        5 bytes
 Hardware stack levels used:    1
 Hardware stack levels required when called:    2
 This function calls:
		_Lcd_Chr_CP
		_Lcd_Cmd
 This function is called by:
		_main
 This function uses a non-reentrant model


 *************** function _Lcd_Cmd *****************
 Defined at:
		line 174 in file "HD44780.h"
 Parameters:    Size  Location     Type
  Cmd             1    wreg     unsigned char 
 Auto vars:     Size  Location     Type
  Cmd             1    4[COMMON] unsigned char 
 Return value:  Size  Location     Type
		None               void
 Registers used:
		wreg, status,2, status,0, pclath, cstack
 Tracked objects:
		On entry : 
		On exit  : 
		Unchanged: 
 Data sizes:     COMMON   BANK0   BANK1   BANK3   BANK2
      Params:         0       0       0       0       0
      Locals:         1       0       0       0       0
      Temps:          2       0       0       0       0
      Totals:         3       0       0       0       0
Total ram usage:        3 bytes
 Hardware stack levels used:    1
 Hardware stack levels required when called:    1
 This function calls:
		_Delay_5500us
		_Delay_5us
 This function is called by:
		_Lcd_Init
		_Lcd_Out
		_Lcd_Chr
		_main
		_Lcd_Out2
 This function uses a non-reentrant model


 *************** function _Lcd_Chr_CP *****************
 Defined at:
		line 161 in file "HD44780.h"
 Parameters:    Size  Location     Type
  Chr_CP          1    wreg     unsigned char 
 Auto vars:     Size  Location     Type
  Chr_CP          1    4[COMMON] unsigned char 
 Return value:  Size  Location     Type
		None               void
 Registers used:
		wreg, status,2, status,0, pclath, cstack
 Tracked objects:
		On entry : 
		On exit  : 
		Unchanged: 
 Data sizes:     COMMON   BANK0   BANK1   BANK3   BANK2
      Params:         0       0       0       0       0
      Locals:         1       0       0       0       0
      Temps:          2       0       0       0       0
      Totals:         3       0       0       0       0
Total ram usage:        3 bytes
 Hardware stack levels used:    1
 Hardware stack levels required when called:    1
 This function calls:
		_Delay_5500us
		_Delay_5us
 This function is called by:
		_Lcd_Out
		_Lcd_Chr
		_Lcd_Out2
 This function uses a non-reentrant model


 *************** function _Delay_5us *****************
 Defined at:
		line 81 in file "HD44780.h"
 Parameters:    Size  Location     Type
		None
 Auto vars:     Size  Location     Type
		None
 Return value:  Size  Location     Type
		None               void
 Registers used:
		wreg
 Tracked objects:
		On entry : 
		On exit  : 
		Unchanged: 
 Data sizes:     COMMON   BANK0   BANK1   BANK3   BANK2
      Params:         0       0       0       0       0
      Locals:         0       0       0       0       0
      Temps:          1       0       0       0       0
      Totals:         1       0       0       0       0
Total ram usage:        1 bytes
 Hardware stack levels used:    1
 This function calls:
		Nothing
 This function is called by:
		_Lcd_Init
		_Lcd_Chr_CP
		_Lcd_Cmd
 This function uses a non-reentrant model


 *************** function _Delay_5500us *****************
 Defined at:
		line 86 in file "HD44780.h"
 Parameters:    Size  Location     Type
		None
 Auto vars:     Size  Location     Type
		None
 Return value:  Size  Location     Type
		None               void
 Registers used:
		wreg
 Tracked objects:
		On entry : 
		On exit  : 
		Unchanged: 
 Data sizes:     COMMON   BANK0   BANK1   BANK3   BANK2
      Params:         0       0       0       0       0
      Locals:         0       0       0       0       0
      Temps:          2       0       0       0       0
      Totals:         2       0       0       0       0
Total ram usage:        2 bytes
 Hardware stack levels used:    1
 This function calls:
		Nothing
 This function is called by:
		_Lcd_Init
		_Lcd_Chr_CP
		_Lcd_Cmd
 This function uses a non-reentrant model


 *************** function _ow_read_byte *****************
 Defined at:
		line 61 in file "ow.h"
 Parameters:    Size  Location     Type
		None
 Auto vars:     Size  Location     Type
  i               1    4[COMMON] unsigned char 
  data            1    3[COMMON] unsigned char 
 Return value:  Size  Location     Type
                  1    wreg      unsigned char 
 Registers used:
		wreg, status,2, status,0
 Tracked objects:
		On entry : 
		On exit  : 
		Unchanged: 
 Data sizes:     COMMON   BANK0   BANK1   BANK3   BANK2
      Params:         0       0       0       0       0
      Locals:         2       0       0       0       0
      Temps:          3       0       0       0       0
      Totals:         5       0       0       0       0
Total ram usage:        5 bytes
 Hardware stack levels used:    1
 This function calls:
		Nothing
 This function is called by:
		_ds_get_temp
 This function uses a non-reentrant model


 *************** function _ow_write_byte *****************
 Defined at:
		line 39 in file "ow.h"
 Parameters:    Size  Location     Type
  data            1    wreg     unsigned char 
 Auto vars:     Size  Location     Type
  data            1    2[COMMON] unsigned char 
  i               1    3[COMMON] unsigned char 
 Return value:  Size  Location     Type
		None               void
 Registers used:
		wreg, status,2, status,0
 Tracked objects:
		On entry : 
		On exit  : 
		Unchanged: 
 Data sizes:     COMMON   BANK0   BANK1   BANK3   BANK2
      Params:         0       0       0       0       0
      Locals:         2       0       0       0       0
      Temps:          2       0       0       0       0
      Totals:         4       0       0       0       0
Total ram usage:        4 bytes
 Hardware stack levels used:    1
 This function calls:
		Nothing
 This function is called by:
		_ds_get_temp
 This function uses a non-reentrant model


 *************** function _ow_reset *****************
 Defined at:
		line 20 in file "ow.h"
 Parameters:    Size  Location     Type
		None
 Auto vars:     Size  Location     Type
  device_found    2    2[COMMON] short 
 Return value:  Size  Location     Type
                  1    wreg      unsigned char 
 Registers used:
		wreg, status,2, status,0
 Tracked objects:
		On entry : 
		On exit  : 
		Unchanged: 
 Data sizes:     COMMON   BANK0   BANK1   BANK3   BANK2
      Params:         0       0       0       0       0
      Locals:         2       0       0       0       0
      Temps:          2       0       0       0       0
      Totals:         4       0       0       0       0
Total ram usage:        4 bytes
 Hardware stack levels used:    1
 This function calls:
		Nothing
 This function is called by:
		_ds_get_temp
		_main
 This function uses a non-reentrant model



MODULE INFORMATION

Module		Function		Class		Link	Load	Size
C:\Program Files (x86)\Microchip\xc8\v1.30\sources\common\lwdiv.c
		___lwdiv       		CODE           	039F	0000	62

C:\Program Files (x86)\Microchip\xc8\v1.30\sources\common\lwdiv.c estimated size: 62

shared
		__stringtab    		STRING         	0003	0000	16
		__stringdata   		STRING         	001D	0000	20
		_dpowers       		STRING         	0013	0000	10
		__initializatio		CODE           	07F2	0000	10

shared estimated size: 56

C:\Program Files (x86)\Microchip\xc8\v1.30\sources\common\doprnt.c
		_sprintf       		CODE           	0719	0000	217

C:\Program Files (x86)\Microchip\xc8\v1.30\sources\common\doprnt.c estimated size: 217

main.c
		_ds_get_temp   		CODE           	0497	0000	144
		_main          		CODE           	0425	0000	114

main.c estimated size: 258

ow.h
		_ow_reset      		CODE           	02B1	0000	40
		_ow_read_byte  		CODE           	0369	0000	54
		_ow_write_byte 		CODE           	0303	0000	50

ow.h estimated size: 144

C:\Program Files (x86)\Microchip\xc8\v1.30\sources\common\lwmod.c
		___lwmod       		CODE           	0335	0000	52

C:\Program Files (x86)\Microchip\xc8\v1.30\sources\common\lwmod.c estimated size: 52

HD44780.h
		_Lcd_Init      		CODE           	0527	0000	161
		_Lcd_Out       		CODE           	03DD	0000	72
		_Lcd_Chr       		CODE           	02D9	0000	42
		_Lcd_Chr_CP    		CODE           	066E	0000	171
		_Lcd_Cmd       		CODE           	05C8	0000	166
		_Delay_5us     		CODE           	029E	0000	9
		_Delay_5500us  		CODE           	02A7	0000	10

HD44780.h estimated size: 631

