Microchip MPLAB XC8 Compiler V1.30 ()

Linker command line:

--edf=C:\Program Files (x86)\Microchip\xc8\v1.30\dat\en_msgs.txt -cs \
  -h+dist/default/production\ADC_on_LCD.X.production.sym \
  --cmf=dist/default/production\ADC_on_LCD.X.production.cmf -z -Q16F877A \
  -oC:\Users\mustafa\AppData\Local\Temp\s5ro.6 \
  -Mdist/default/production/ADC_on_LCD.X.production.map -E1 -ver=XC8 \
  -ASTACK=0110h-016fh -pstack=STACK -ACONST=00h-0FFhx32 -ACODE=00h-07FFhx4 \
  -ASTRCODE=00h-01FFFh -AENTRY=00h-0FFhx32 -ASTRING=00h-0FFhx32 \
  -ACOMMON=070h-07Fh -ABANK0=020h-06Fh -ABANK1=0A0h-0EFh \
  -ABANK2=0110h-016Fh -ABANK3=0190h-01EFh \
  -ARAM=020h-06Fh,0A0h-0EFh,0110h-016Fh,0190h-01EFh \
  -AABS1=020h-07Fh,0A0h-0EFh,0110h-016Fh,0190h-01EFh -ASFR0=00h-01Fh \
  -ASFR1=080h-09Fh -ASFR2=0100h-010Fh -ASFR3=0180h-018Fh \
  -preset_vec=00h,intentry,init,end_init -ppowerup=CODE -pcinit=CODE \
  -pfunctab=CODE -ACONFIG=02007h-02007h -pconfig=CONFIG -DCONFIG=2 \
  -AIDLOC=02000h-02003h -pidloc=IDLOC -DIDLOC=2 -AEEDATA=00h-0FFh/02100h \
  -peeprom_data=EEDATA -DEEDATA=2 -DCODE=2 -DSTRCODE=2 -DSTRING=2 -DCONST=2 \
  -DENTRY=2 -k C:\Users\mustafa\AppData\Local\Temp\s5ro.obj \
  dist/default/production\ADC_on_LCD.X.production.obj 

Object code version is 3.11

Machine type is 16F877A



                Name                               Link     Load   Length Selector   Space Scale
C:\Users\mustafa\AppData\Local\Temp\s5ro.obj
                end_init                              0        0        3        0       0
                config                             2007     2007        1     400E       0
dist/default/production\ADC_on_LCD.X.production.obj
                cinit                               7F4      7F4        C      FE8       0
                text11                              2CE      2CE        9      59C       0
                text10                              2E0      2E0        A      5C0       0
                text9                               2D7      2D7        9      5AE       0
                text8                               5E2      5E2       AB      BC4       0
                text7                               53C      53C       A6      A78       0
                text6                               2EA      2EA       2A      5D4       0
                text5                               49B      49B       A1      936       0
                text4                               353      353       40      6A6       0
                text3                               40C      40C       8F      818       0
                text2                               393      393       79      726       0
                text1                               314      314       3F      628       0
                maintext                            68D      68D      167      D1A       0
                cstackBANK0                          20       20       11       20       1
                cstackCOMMON                         70       70        D       70       1
                bssBANK0                             31       31        7       20       1
                bssCOMMON                            7D       7D        1       70       1
                strings                               3        3       2C        6       0

TOTAL           Name                               Link     Load   Length     Space
        CLASS   STACK          

        CLASS   CONST          

        CLASS   CODE           
                end_init                              0        0        3         0
                cinit                               7F4      7F4        C         0
                text11                              2CE      2CE        9         0
                text10                              2E0      2E0        A         0
                text9                               2D7      2D7        9         0
                text8                               5E2      5E2       AB         0
                text7                               53C      53C       A6         0
                text6                               2EA      2EA       2A         0
                text5                               49B      49B       A1         0
                text4                               353      353       40         0
                text3                               40C      40C       8F         0
                text2                               393      393       79         0
                text1                               314      314       3F         0
                maintext                            68D      68D      167         0

        CLASS   STRCODE        

        CLASS   ENTRY          

        CLASS   STRING         
                strings                               3        3       2C         0

        CLASS   COMMON         
                cstackCOMMON                         70       70        D         1
                bssCOMMON                            7D       7D        1         1

        CLASS   BANK0          
                cstackBANK0                          20       20       11         1
                bssBANK0                             31       31        7         1

        CLASS   BANK1          

        CLASS   BANK2          

        CLASS   BANK3          

        CLASS   RAM            

        CLASS   ABS1           
                abs_s1                               7E       7E        2         1

        CLASS   SFR0           

        CLASS   SFR1           

        CLASS   SFR2           

        CLASS   SFR3           

        CLASS   CONFIG         
                config                             2007     2007        1         0

        CLASS   IDLOC          

        CLASS   EEDATA         



SEGMENTS        Name                           Load    Length   Top    Selector   Space  Class     Delta

                reset_vec                      000000  000003  000003         0       0  CODE        2
                strings                        000003  00002C  00002F         6       0  STRING      2
                cstackBANK0                    000020  000018  000038        20       1  BANK0       1
                cstackCOMMON                   000070  00000E  00007E        70       1  COMMON      1
                text11                         0002CE  000009  0002D7       59C       0  CODE        2
                text9                          0002D7  000009  0002E0       5AE       0  CODE        2
                text10                         0002E0  00000A  0002EA       5C0       0  CODE        2
                text6                          0002EA  00002A  000314       5D4       0  CODE        2
                text1                          000314  00003F  000353       628       0  CODE        2
                text4                          000353  000040  000393       6A6       0  CODE        2
                text2                          000393  000079  00040C       726       0  CODE        2
                text3                          00040C  00008F  00049B       818       0  CODE        2
                text5                          00049B  0000A1  00053C       936       0  CODE        2
                text7                          00053C  0000A6  0005E2       A78       0  CODE        2
                text8                          0005E2  0000AB  00068D       BC4       0  CODE        2
                maintext                       00068D  000167  0007F4       D1A       0  CODE        2
                cinit                          0007F4  00000C  000800       FE8       0  CODE        2
                config                         002007  000001  002008      400E       0  CONFIG      2


UNUSED ADDRESS RANGES

        Name                Unused          Largest block    Delta
        BANK0            0038-006F             38           1
        BANK1            00A0-00EF             50           1
        BANK2            0110-016F             60           1
        BANK3            0190-01EF             60           1
        CODE             002F-02CD            29F           2
                         0800-1FFF            800
        CONST            002F-02CD            100           2
                         0800-1FFF            100
        EEDATA           2100-21FF            100           2
        ENTRY            002F-02CD            100           2
                         0800-1FFF            100
        IDLOC            2000-2003              4           2
        RAM              0038-006F             38           1
                         00A0-00EF             50
                         0110-016F             60
                         0190-01EF             60
        SFR0             0000-001F             20           1
        SFR1             0080-009F             20           1
        SFR2             0100-010F             10           1
        SFR3             0180-018F             10           1
        STACK            0110-016F             60           1
        STRCODE          002F-02CD            29F           2
                         0800-1FFF           1800
        STRING           002F-02CD            100           2
                         0800-1FFF            100

                                  Symbol Table

?___aldiv                cstackCOMMON 0070
?___almod                cstackBANK0  0026
?___lmul                 cstackCOMMON 0070
Lcd_Chr@Chr              cstackCOMMON 0076
Lcd_Chr@data             cstackCOMMON 0079
Lcd_Chr@x                cstackCOMMON 0075
Lcd_Chr@y                cstackCOMMON 0078
Lcd_Chr_CP@Chr_CP        cstackCOMMON 0074
Lcd_Cmd@Cmd              cstackCOMMON 0074
Lcd_Init@data            cstackCOMMON 0076
Lcd_Out@buffer           cstackCOMMON 0076
Lcd_Out@data             cstackCOMMON 0079
Lcd_Out@x                cstackCOMMON 0075
Lcd_Out@y                cstackCOMMON 0078
_ADCInit                 text11       02CE
_ADCON0                  (abs)        001F
_ADCON0bits              (abs)        001F
_ADCON1                  (abs)        009F
_ADRESH                  (abs)        001E
_ADRESL                  (abs)        009E
_CMCON                   (abs)        009C
_Delay_5500us            text10       02E0
_Delay_5us               text9        02D7
_INTCON                  (abs)        000B
_Lcd_Chr                 text6        02EA
_Lcd_Chr_CP              text8        05E2
_Lcd_Cmd                 text7        053C
_Lcd_Init                text5        049B
_Lcd_Out                 text4        0353
_PORTBbits               (abs)        0006
_TRISA                   (abs)        0085
_TRISBbits               (abs)        0086
__CFG_BOREN$OFF          (abs)        0000
__CFG_CP$OFF             (abs)        0000
__CFG_CPD$OFF            (abs)        0000
__CFG_FOSC$HS            (abs)        0000
__CFG_LVP$OFF            (abs)        0000
__CFG_PWRTE$OFF          (abs)        0000
__CFG_WDTE$OFF           (abs)        0000
__CFG_WRT$OFF            (abs)        0000
__Habs1                  abs1         0000
__Hbank0                 bank0        0000
__Hbank1                 bank1        0000
__Hbank2                 bank2        0000
__Hbank3                 bank3        0000
__HbssBANK0              bssBANK0     0000
__HbssCOMMON             bssCOMMON    0000
__Hcinit                 cinit        0800
__Hclrtext               clrtext      0000
__Hcode                  code         0000
__Hcommon                common       0000
__Hconfig                config       2008
__HcstackBANK0           cstackBANK0  0000
__HcstackCOMMON          cstackCOMMON 0000
__Heeprom_data           eeprom_data  0000
__Hend_init              end_init     0003
__Hfunctab               functab      0000
__Hidloc                 idloc        0000
__Hinit                  init         0000
__Hintentry              intentry     0000
__Hmaintext              maintext     0000
__Hpowerup               powerup      0000
__Hram                   ram          0000
__Hreset_vec             reset_vec    0000
__Hsfr0                  sfr0         0000
__Hsfr1                  sfr1         0000
__Hsfr2                  sfr2         0000
__Hsfr3                  sfr3         0000
__Hstack                 stack        0000
__Hstrings               strings      0000
__Htext                  text         0000
__Labs1                  abs1         0000
__Lbank0                 bank0        0000
__Lbank1                 bank1        0000
__Lbank2                 bank2        0000
__Lbank3                 bank3        0000
__LbssBANK0              bssBANK0     0000
__LbssCOMMON             bssCOMMON    0000
__Lcinit                 cinit        07F4
__Lclrtext               clrtext      0000
__Lcode                  code         0000
__Lcommon                common       0000
__Lconfig                config       2007
__LcstackBANK0           cstackBANK0  0000
__LcstackCOMMON          cstackCOMMON 0000
__Leeprom_data           eeprom_data  0000
__Lend_init              end_init     0000
__Lfunctab               functab      0000
__Lidloc                 idloc        0000
__Linit                  init         0000
__Lintentry              intentry     0000
__Lmaintext              maintext     0000
__Lpowerup               powerup      0000
__Lram                   ram          0000
__Lreset_vec             reset_vec    0000
__Lsfr0                  sfr0         0000
__Lsfr1                  sfr1         0000
__Lsfr2                  sfr2         0000
__Lsfr3                  sfr3         0000
__Lstack                 stack        0000
__Lstrings               strings      0000
__Ltext                  text         0000
__S0                     (abs)        2008
__S1                     (abs)        007E
__S2                     (abs)        0000
__S3                     (abs)        0000
___aldiv                 text3        040C
___aldiv@counter         cstackBANK0  0020
___aldiv@dividend        cstackCOMMON 0074
___aldiv@divisor         cstackCOMMON 0070
___aldiv@quotient        cstackBANK0  0022
___aldiv@sign            cstackBANK0  0021
___almod                 text2        0393
___almod@counter         cstackCOMMON 007A
___almod@dividend        cstackBANK0  002A
___almod@divisor         cstackBANK0  0026
___almod@sign            cstackCOMMON 007B
___int_sp                stack        0000
___latbits               (abs)        0002
___lmul                  text1        0314
___lmul@multiplicand     cstackCOMMON 0074
___lmul@multiplier       cstackCOMMON 0070
___lmul@product          cstackCOMMON 0079
___sp                    stack        0000
__end_of_ADCInit         text11       02D7
__end_of_Delay_5500us    text10       02EA
__end_of_Delay_5us       text9        02E0
__end_of_Lcd_Chr         text6        0314
__end_of_Lcd_Chr_CP      text8        068D
__end_of_Lcd_Cmd         text7        05E2
__end_of_Lcd_Init        text5        053C
__end_of_Lcd_Out         text4        0393
__end_of___aldiv         text3        049B
__end_of___almod         text2        040C
__end_of___lmul          text1        0353
__end_of__initialization cinit        07FC
__end_of__stringdata     strings      002F
__end_of__stringtab      strings      0009
__end_of_main            maintext     07F4
__initialization         cinit        07F4
__pbssBANK0              bssBANK0     0031
__pbssCOMMON             bssCOMMON    007D
__pcstackBANK0           cstackBANK0  0020
__pcstackCOMMON          cstackCOMMON 0070
__pmaintext              maintext     068D
__pstrings               strings      0003
__ptext1                 text1        0314
__ptext10                text10       02E0
__ptext11                text11       02CE
__ptext2                 text2        0393
__ptext3                 text3        040C
__ptext4                 text4        0353
__ptext5                 text5        049B
__ptext6                 text6        02EA
__ptext7                 text7        053C
__ptext8                 text8        05E2
__ptext9                 text9        02D7
__size_of_ADCInit        (abs)        0000
__size_of_Delay_5500us   (abs)        0000
__size_of_Delay_5us      (abs)        0000
__size_of_Lcd_Chr        (abs)        0000
__size_of_Lcd_Chr_CP     (abs)        0000
__size_of_Lcd_Cmd        (abs)        0000
__size_of_Lcd_Init       (abs)        0000
__size_of_Lcd_Out        (abs)        0000
__size_of___aldiv        (abs)        0000
__size_of___almod        (abs)        0000
__size_of___lmul         (abs)        0000
__size_of_main           (abs)        0000
__stringbase             strings      0008
__stringdata             strings      0009
__stringtab              strings      0003
_adc_rd                  bssBANK0     0035
_ch                      bssCOMMON    007D
_main                    maintext     068D
_text                    bssBANK0     0037
_tlong                   bssBANK0     0031
btemp                    (abs)        007E
end_of_initialization    cinit        07FC
intlevel0                functab      0000
intlevel1                functab      0000
intlevel2                functab      0000
intlevel3                functab      0000
intlevel4                functab      0000
intlevel5                functab      0000
ltemp                    (abs)        007E
ltemp0                   (abs)        007E
ltemp1                   (abs)        0082
ltemp2                   (abs)        0086
ltemp3                   (abs)        0080
reset_vec                reset_vec    0000
stackhi                  (abs)        0000
stacklo                  (abs)        0000
start                    init         0000
start_initialization     cinit        07F4
ttemp                    (abs)        007E
ttemp0                   (abs)        007E
ttemp1                   (abs)        0081
ttemp2                   (abs)        0084
ttemp3                   (abs)        0087
ttemp4                   (abs)        007F
wtemp                    (abs)        007E
wtemp0                   (abs)        007E
wtemp1                   (abs)        0080
wtemp2                   (abs)        0082
wtemp3                   (abs)        0084
wtemp4                   (abs)        0086
wtemp5                   (abs)        0088
wtemp6                   (abs)        007F


FUNCTION INFORMATION:

 *************** function _main *****************
 Defined at:
		line 39 in file "main.c"
 Parameters:    Size  Location     Type
		None
 Auto vars:     Size  Location     Type
		None
 Return value:  Size  Location     Type
                  2   92[COMMON] int 
 Registers used:
		wreg, fsr0l, fsr0h, status,2, status,0, pclath, cstack
 Tracked objects:
		On entry : 
		On exit  : 
		Unchanged: 
 Data sizes:     COMMON   BANK0   BANK1   BANK3   BANK2
      Params:         0       0       0       0       0
      Locals:         0       0       0       0       0
      Temps:          0       3       0       0       0
      Totals:         0       3       0       0       0
Total ram usage:        3 bytes
 Hardware stack levels required when called:    3
 This function calls:
		_ADCInit
		_Lcd_Chr
		_Lcd_Chr_CP
		_Lcd_Cmd
		_Lcd_Init
		_Lcd_Out
		___aldiv
		___almod
		___lmul
 This function is called by:
		Startup code after reset
 This function uses a non-reentrant model


 *************** function ___lmul *****************
 Defined at:
		line 2 in file "C:\Program Files (x86)\Microchip\xc8\v1.30\sources\common\lmul.c"
 Parameters:    Size  Location     Type
  multiplier      4    0[COMMON] unsigned long 
  multiplicand    4    4[COMMON] unsigned long 
 Auto vars:     Size  Location     Type
  product         4    9[COMMON] unsigned long 
 Return value:  Size  Location     Type
                  4    0[COMMON] unsigned long 
 Registers used:
		wreg, status,2, status,0
 Tracked objects:
		On entry : 
		On exit  : 
		Unchanged: 
 Data sizes:     COMMON   BANK0   BANK1   BANK3   BANK2
      Params:         8       0       0       0       0
      Locals:         4       0       0       0       0
      Temps:          1       0       0       0       0
      Totals:        13       0       0       0       0
Total ram usage:       13 bytes
 Hardware stack levels used:    1
 This function calls:
		Nothing
 This function is called by:
		_main
 This function uses a non-reentrant model


 *************** function ___almod *****************
 Defined at:
		line 5 in file "C:\Program Files (x86)\Microchip\xc8\v1.30\sources\common\almod.c"
 Parameters:    Size  Location     Type
  divisor         4    6[BANK0 ] long 
  dividend        4   10[BANK0 ] long 
 Auto vars:     Size  Location     Type
  sign            1   11[COMMON] unsigned char 
  counter         1   10[COMMON] unsigned char 
 Return value:  Size  Location     Type
                  4    6[BANK0 ] long 
 Registers used:
		wreg, status,2, status,0
 Tracked objects:
		On entry : 
		On exit  : 
		Unchanged: 
 Data sizes:     COMMON   BANK0   BANK1   BANK3   BANK2
      Params:         0       8       0       0       0
      Locals:         2       0       0       0       0
      Temps:          1       0       0       0       0
      Totals:         3       8       0       0       0
Total ram usage:       11 bytes
 Hardware stack levels used:    1
 This function calls:
		Nothing
 This function is called by:
		_main
 This function uses a non-reentrant model


 *************** function ___aldiv *****************
 Defined at:
		line 6 in file "C:\Program Files (x86)\Microchip\xc8\v1.30\sources\common\aldiv.c"
 Parameters:    Size  Location     Type
  divisor         4    0[COMMON] long 
  dividend        4    4[COMMON] long 
 Auto vars:     Size  Location     Type
  quotient        4    2[BANK0 ] long 
  sign            1    1[BANK0 ] unsigned char 
  counter         1    0[BANK0 ] unsigned char 
 Return value:  Size  Location     Type
                  4    0[COMMON] long 
 Registers used:
		wreg, status,2, status,0
 Tracked objects:
		On entry : 
		On exit  : 
		Unchanged: 
 Data sizes:     COMMON   BANK0   BANK1   BANK3   BANK2
      Params:         8       0       0       0       0
      Locals:         0       6       0       0       0
      Temps:          1       0       0       0       0
      Totals:         9       6       0       0       0
Total ram usage:       15 bytes
 Hardware stack levels used:    1
 This function calls:
		Nothing
 This function is called by:
		_main
 This function uses a non-reentrant model


 *************** function _Lcd_Out *****************
 Defined at:
		line 115 in file "HD44780.h"
 Parameters:    Size  Location     Type
  y               1    wreg     unsigned char 
  x               1    5[COMMON] unsigned char 
  buffer          1    6[COMMON] PTR const unsigned char 
		 -> NULL(0), STR_3(9), STR_2(12), STR_1(17), 
 Auto vars:     Size  Location     Type
  y               1    8[COMMON] unsigned char 
  data            1    9[COMMON] unsigned char 
 Return value:  Size  Location     Type
		None               void
 Registers used:
		wreg, fsr0l, fsr0h, status,2, status,0, pclath, cstack
 Tracked objects:
		On entry : 
		On exit  : 
		Unchanged: 
 Data sizes:     COMMON   BANK0   BANK1   BANK3   BANK2
      Params:         2       0       0       0       0
      Locals:         2       0       0       0       0
      Temps:          1       0       0       0       0
      Totals:         5       0       0       0       0
Total ram usage:        5 bytes
 Hardware stack levels used:    1
 Hardware stack levels required when called:    2
 This function calls:
		_Lcd_Chr_CP
		_Lcd_Cmd
 This function is called by:
		_main
 This function uses a non-reentrant model


 *************** function _Lcd_Init *****************
 Defined at:
		line 90 in file "HD44780.h"
 Parameters:    Size  Location     Type
		None
 Auto vars:     Size  Location     Type
  data            1    6[COMMON] unsigned char 
 Return value:  Size  Location     Type
		None               void
 Registers used:
		wreg, status,2, status,0, pclath, cstack
 Tracked objects:
		On entry : 
		On exit  : 
		Unchanged: 
 Data sizes:     COMMON   BANK0   BANK1   BANK3   BANK2
      Params:         0       0       0       0       0
      Locals:         1       0       0       0       0
      Temps:          1       0       0       0       0
      Totals:         2       0       0       0       0
Total ram usage:        2 bytes
 Hardware stack levels used:    1
 Hardware stack levels required when called:    2
 This function calls:
		_Delay_5500us
		_Delay_5us
		_Lcd_Cmd
 This function is called by:
		_main
 This function uses a non-reentrant model


 *************** function _Lcd_Chr *****************
 Defined at:
		line 149 in file "HD44780.h"
 Parameters:    Size  Location     Type
  y               1    wreg     unsigned char 
  x               1    5[COMMON] unsigned char 
  Chr             1    6[COMMON] unsigned char 
 Auto vars:     Size  Location     Type
  y               1    8[COMMON] unsigned char 
  data            1    9[COMMON] unsigned char 
 Return value:  Size  Location     Type
		None               void
 Registers used:
		wreg, fsr0l, fsr0h, status,2, status,0, pclath, cstack
 Tracked objects:
		On entry : 
		On exit  : 
		Unchanged: 
 Data sizes:     COMMON   BANK0   BANK1   BANK3   BANK2
      Params:         2       0       0       0       0
      Locals:         2       0       0       0       0
      Temps:          1       0       0       0       0
      Totals:         5       0       0       0       0
Total ram usage:        5 bytes
 Hardware stack levels used:    1
 Hardware stack levels required when called:    2
 This function calls:
		_Lcd_Chr_CP
		_Lcd_Cmd
 This function is called by:
		_main
 This function uses a non-reentrant model


 *************** function _Lcd_Cmd *****************
 Defined at:
		line 174 in file "HD44780.h"
 Parameters:    Size  Location     Type
  Cmd             1    wreg     unsigned char 
 Auto vars:     Size  Location     Type
  Cmd             1    4[COMMON] unsigned char 
 Return value:  Size  Location     Type
		None               void
 Registers used:
		wreg, status,2, status,0, pclath, cstack
 Tracked objects:
		On entry : 
		On exit  : 
		Unchanged: 
 Data sizes:     COMMON   BANK0   BANK1   BANK3   BANK2
      Params:         0       0       0       0       0
      Locals:         1       0       0       0       0
      Temps:          2       0       0       0       0
      Totals:         3       0       0       0       0
Total ram usage:        3 bytes
 Hardware stack levels used:    1
 Hardware stack levels required when called:    1
 This function calls:
		_Delay_5500us
		_Delay_5us
 This function is called by:
		_Lcd_Init
		_Lcd_Out
		_Lcd_Chr
		_main
		_Lcd_Out2
 This function uses a non-reentrant model


 *************** function _Lcd_Chr_CP *****************
 Defined at:
		line 161 in file "HD44780.h"
 Parameters:    Size  Location     Type
  Chr_CP          1    wreg     unsigned char 
 Auto vars:     Size  Location     Type
  Chr_CP          1    4[COMMON] unsigned char 
 Return value:  Size  Location     Type
		None               void
 Registers used:
		wreg, status,2, status,0, pclath, cstack
 Tracked objects:
		On entry : 
		On exit  : 
		Unchanged: 
 Data sizes:     COMMON   BANK0   BANK1   BANK3   BANK2
      Params:         0       0       0       0       0
      Locals:         1       0       0       0       0
      Temps:          2       0       0       0       0
      Totals:         3       0       0       0       0
Total ram usage:        3 bytes
 Hardware stack levels used:    1
 Hardware stack levels required when called:    1
 This function calls:
		_Delay_5500us
		_Delay_5us
 This function is called by:
		_Lcd_Out
		_Lcd_Chr
		_main
		_Lcd_Out2
 This function uses a non-reentrant model


 *************** function _Delay_5us *****************
 Defined at:
		line 81 in file "HD44780.h"
 Parameters:    Size  Location     Type
		None
 Auto vars:     Size  Location     Type
		None
 Return value:  Size  Location     Type
		None               void
 Registers used:
		wreg
 Tracked objects:
		On entry : 
		On exit  : 
		Unchanged: 
 Data sizes:     COMMON   BANK0   BANK1   BANK3   BANK2
      Params:         0       0       0       0       0
      Locals:         0       0       0       0       0
      Temps:          1       0       0       0       0
      Totals:         1       0       0       0       0
Total ram usage:        1 bytes
 Hardware stack levels used:    1
 This function calls:
		Nothing
 This function is called by:
		_Lcd_Init
		_Lcd_Chr_CP
		_Lcd_Cmd
 This function uses a non-reentrant model


 *************** function _Delay_5500us *****************
 Defined at:
		line 86 in file "HD44780.h"
 Parameters:    Size  Location     Type
		None
 Auto vars:     Size  Location     Type
		None
 Return value:  Size  Location     Type
		None               void
 Registers used:
		wreg
 Tracked objects:
		On entry : 
		On exit  : 
		Unchanged: 
 Data sizes:     COMMON   BANK0   BANK1   BANK3   BANK2
      Params:         0       0       0       0       0
      Locals:         0       0       0       0       0
      Temps:          2       0       0       0       0
      Totals:         2       0       0       0       0
Total ram usage:        2 bytes
 Hardware stack levels used:    1
 This function calls:
		Nothing
 This function is called by:
		_Lcd_Init
		_Lcd_Chr_CP
		_Lcd_Cmd
 This function uses a non-reentrant model


 *************** function _ADCInit *****************
 Defined at:
		line 34 in file "main.c"
 Parameters:    Size  Location     Type
		None
 Auto vars:     Size  Location     Type
		None
 Return value:  Size  Location     Type
		None               void
 Registers used:
		wreg
 Tracked objects:
		On entry : 
		On exit  : 
		Unchanged: 
 Data sizes:     COMMON   BANK0   BANK1   BANK3   BANK2
      Params:         0       0       0       0       0
      Locals:         0       0       0       0       0
      Temps:          0       0       0       0       0
      Totals:         0       0       0       0       0
Total ram usage:        0 bytes
 Hardware stack levels used:    1
 This function calls:
		Nothing
 This function is called by:
		_main
 This function uses a non-reentrant model



MODULE INFORMATION

Module		Function		Class		Link	Load	Size
shared
		__stringtab    		STRING         	0003	0000	6
		__stringdata   		STRING         	0009	0000	38
		__initializatio		CODE           	07F4	0000	8

shared estimated size: 52

C:\Program Files (x86)\Microchip\xc8\v1.30\sources\common\almod.c
		___almod       		CODE           	0393	0000	121

C:\Program Files (x86)\Microchip\xc8\v1.30\sources\common\almod.c estimated size: 121

C:\Program Files (x86)\Microchip\xc8\v1.30\sources\common\aldiv.c
		___aldiv       		CODE           	040C	0000	143

C:\Program Files (x86)\Microchip\xc8\v1.30\sources\common\aldiv.c estimated size: 143

main.c
		_ADCInit       		CODE           	02CE	0000	9
		_main          		CODE           	068D	0000	359

main.c estimated size: 368

C:\Program Files (x86)\Microchip\xc8\v1.30\sources\common\lmul.c
		___lmul        		CODE           	0314	0000	63

C:\Program Files (x86)\Microchip\xc8\v1.30\sources\common\lmul.c estimated size: 63

HD44780.h
		_Lcd_Init      		CODE           	049B	0000	161
		_Lcd_Out       		CODE           	0353	0000	64
		_Lcd_Chr       		CODE           	02EA	0000	42
		_Lcd_Chr_CP    		CODE           	05E2	0000	171
		_Lcd_Cmd       		CODE           	053C	0000	166
		_Delay_5us     		CODE           	02D7	0000	9
		_Delay_5500us  		CODE           	02E0	0000	10

HD44780.h estimated size: 623

